
> temp_app@0.1.0 build
> next build

   Γû▓ Next.js 16.0.7 (Turbopack)
   - Environments: .env.local

node.exe :  ΓÜá The "middleware" file convention is 
deprecated. Please use "proxy" instead. Learn more: 
https://nextjs.org/docs/messages/middleware-to-proxy
At line:1 char:1
+ & "C:\Program Files\nodejs/node.exe" 
"C:\Users\eric\AppData\Roaming\n ...
+ ~~~~~~~~~~~~~~~~~~~~~~~~~~~~~~~~~~~~~~~~~~~~~~~~~~~~~~
~~~~~~~~~~~~~~~
    + CategoryInfo          : NotSpecified: ( ΓÜá The " 
   middl...leware-to-proxy:String) [], RemoteException
    + FullyQualifiedErrorId : NativeCommandError
 
   Creating an optimized production build ...
 Γ£ô Compiled successfully in 62s
   Running TypeScript ...
Failed to compile.

./src/components/admin/CertificateForm.tsx:110:29
Type error: Type '"imageUploader"' is not assignable to 
type 'EndpointArg<{ galleryImage: FileRoute<{ input: 
undefined; output: null; errorShape: Json; }>; 
postImage: FileRoute<{ input: undefined; output: null; 
errorShape: Json; }>; }, "galleryImage" | "postImage">'.

[0m [90m 108 |[39m                         )}
 [90m 109 |[39m                         
[33m<[39m[33mUploadButton[39m
[31m[1m>[22m[39m[90m 110 |[39m                    
         endpoint[33m=[39m[32m"imageUploader"[39m
 [90m     |[39m                             
[31m[1m^[22m[39m
 [90m 111 |[39m                             
onClientUploadComplete[33m=[39m{(res) [33m=>[39m {
 [90m 112 |[39m                                 
[36mif[39m (res [33m&&[39m res[[35m0[39m]) {
 [90m 113 |[39m                                     
setFormData({ [33m...[39mformData[33m,[39m 
bgImage[33m:[39m res[[35m0[39m][33m.[39murl 
})[33m;[39m[0m
Next.js build worker exited with code: 1 and signal: 
null
